2024-07-24 02:26:53 [31merror[39m: This is a error log message
2024-07-24 02:28:40 [31merror[39m: This is a error log message
2024-07-24 02:28:46 [35mfatal[39m: This is a fatal log message
2024-07-24 02:29:52 [31merror[39m: [31mThis is a error log message[39m
2024-07-24 02:30:05 [35mfatal[39m: [35mThis is a fatal log message[39m
2024-07-24 02:31:28 [31merror[39m: [31mThis is a error log message[39m
[31merror[39m: [31mThis is a error log message[39m
2024-07-24 02:37:31 [31merror[39m: [31mThis is a error log message[39m
2024-07-24 02:39:18 [31merror[39m: [31mThis is a error log message[39m
2024-07-24 02:40:02 [35mfatal[39m: [35mThis is a fatal log message[39m
[31merror[39m: This is a error log message
[35mfatal[39m: This is a fatal log message
2024-07-24 02:58:18 error: This is a error log message
2024-07-24 02:58:20 fatal: This is a fatal log message
2024-07-24 03:07:29 [31merror[39m: This is a error log message
2024-07-24 03:08:18 [31merror[39m: This is a error log message
2024-07-24 03:08:37 fatal: This is a fatal log message
2024-07-24 03:08:43 error: This is a error log message
2024-07-24 03:13:56 error: This is a error log message
2024-07-24 03:13:58 fatal: This is a fatal log message
2024-07-24 03:14:30 [31merror[39m: [31mThis is a error log message[39m
2024-07-24 03:14:33 [35mfatal[39m: [35mThis is a fatal log message[39m
2024-07-24 20:16:25 [31merror[39m: [31mThis is a error log message[39m
2024-07-24 20:16:33 [35mfatal[39m: [35mThis is a fatal log message[39m
2024-07-24 20:17:21 [31merror[39m: [31mThis is a error log message[39m
2024-07-24 21:19:09 [31merror[39m: [31mFaltan completar campos: {"fields":["price"]}[39m
2024-07-24 21:21:13 [31merror[39m: [31mFaltan completar campos: {"fields":["price"]}[39m
2024-07-24 21:22:29 [31merror[39m: [31mFaltan completar campos: {"fields":["name"]}[39m
2024-07-24 21:23:08 [31merror[39m: [31mInvalid data[39m
2024-07-24 21:24:57 [31merror[39m: [31mFaltan completar campos: {"fields":["price"]}[39m
2024-07-24 21:25:03 [31merror[39m: [31mFaltan completar campos: {"fields":["price"]}[39m
2024-07-24 21:36:23 [31merror[39m: [31mFaltan completar campos: {"fields":["price"]}[39m
2024-07-24 21:36:59 [31merror[39m: [31mInvalid data[39m
2024-07-24 21:40:00 [31merror[39m: [31mFaltan completar campos: {"fields":["price"]}[39m
2024-07-24 21:45:42 [31merror[39m: [31mFaltan completar campos: {"fields":["price"]}[39m
2024-07-24 21:48:36 [31merror[39m: [31mThis is a error log message[39m
2024-07-24 21:48:39 [35mfatal[39m: [35mThis is a fatal log message[39m
2024-07-24 21:49:00 [31merror[39m: [31mFaltan completar campos: {"fields":["price"]}[39m
2024-07-24 21:49:50 [31merror[39m: [31mFaltan completar campos: {"fields":["price"]}[39m
2024-07-24 21:50:02 [31merror[39m: [31mFaltan completar campos: {"fields":["price"]}[39m
2024-07-24 22:51:39 [31merror[39m: [31mFaltan completar campos: {"fields":["name","price"]}[39m
2024-07-24 22:51:44 [31merror[39m: [31mFaltan completar campos: {"fields":["name","price"]}[39m
2024-07-24 22:51:47 [31merror[39m: [31mFaltan completar campos: {"fields":["price"]}[39m
2024-07-24 23:08:30 [31merror[39m: [31mFaltan completar campos: {"fields":["price"]}[39m
2024-07-24 23:08:35 [31merror[39m: [31mFaltan completar campos: {"fields":["price"]}[39m
2024-07-24 23:28:16 [31merror[39m: [31mExpected double-quoted property name in JSON at position 22[39m
2024-07-24 23:30:02 [31merror[39m: [31mFaltan completar campos: {"fields":["name"]}[39m
2024-07-24 23:30:17 [31merror[39m: [31mFaltan completar campos: {"fields":["price"]}[39m
2024-07-24 23:33:08 [31merror[39m: [31mMockingProduct validation failed: price: Cast to Number failed for value "a" (type string) at path "price"[39m
2024-07-24 23:35:11 [31merror[39m: [31mMockingProduct validation failed: price: Cast to Number failed for value "a" (type string) at path "price"[39m
2024-07-24 23:40:21 [31merror[39m: [31mFaltan completar campos: {"fields":["price"]}[39m
2024-07-24 23:41:02 [31merror[39m: [31mFaltan completar campos: {"fields":["price"]}[39m
2024-07-24 23:41:38 [31merror[39m: [31mFaltan completar campos: {"fields":["price"]}[39m
2024-07-24 23:42:21 [31merror[39m: [31mFaltan completar campos: {"fields":["price"]}[39m
2024-07-24 23:43:00 [31merror[39m: [31mFaltan completar campos: {"fields":["price"]}[39m
2024-07-24 23:43:13 [31merror[39m: [31mExpected double-quoted property name in JSON at position 22[39m
2024-07-24 23:43:17 [31merror[39m: [31mExpected double-quoted property name in JSON at position 22[39m
2024-07-24 23:43:27 [31merror[39m: [31mFaltan completar campos: {"fields":["price"]}[39m
2024-07-24 23:44:56 [31merror[39m: [31mFaltan completar campos: {"fields":["price"]}[39m
2024-07-24 23:45:07 [31merror[39m: [31mMockingProduct validation failed: price: Cast to Number failed for value "a" (type string) at path "price"[39m
2024-07-24 23:46:29 [31merror[39m: [31mMockingProduct validation failed: price: Cast to Number failed for value "a" (type string) at path "price"[39m
2024-07-24 23:46:38 [31merror[39m: [31mFaltan completar campos: {"fields":["price"]}[39m
2024-07-24 23:47:45 [31merror[39m: [31mFaltan completar campos: {"fields":["price"]}[39m
2024-07-24 23:50:20 [31merror[39m: [31mMockingProduct validation failed: price: Cast to Number failed for value "a" (type string) at path "price"[39m
2024-07-24 23:50:43 [31merror[39m: [31mMockingProduct validation failed: price: Cast to Number failed for value "a" (type string) at path "price"[39m
2024-07-24 23:52:15 [31merror[39m: [31mMockingProduct validation failed: price: Cast to Number failed for value "a" (type string) at path "price"[39m
2024-07-25 21:37:50 [31merror[39m: [31mThis is a error log message[39m
2024-07-25 21:37:59 [35mfatal[39m: [35mThis is a fatal log message[39m
2024-07-25 21:45:50 [31merror[39m: [31mFaltan completar campos: {"fields":["name"]}[39m
2024-07-25 21:47:28 [31merror[39m: [31mMockingProduct validation failed: price: Cast to Number failed for value "a" (type string) at path "price"[39m
2024-07-25 21:49:35 [31merror[39m: [31mError al agregar producto 665381fa74dba69ed7dedc79 al carrito 6680b82d69a514f664414981: Carrito no encontrado[39m
2024-07-25 22:02:22 [31merror[39m: [31mError al agregar producto 665381fa74dba69ed7dedc79 al carrito 668f3ac1dce6f2f89393e1db: Assignment to constant variable.[39m
2024-07-25 22:02:45 [31merror[39m: [31mError al agregar producto 665381fa74dba69ed7dedc79 al carrito 668f3ac1dce6f2f89393e1db: Assignment to constant variable.[39m
2024-07-25 22:03:08 [31merror[39m: [31mError al agregar producto 665381fa74dba69ed7dedc79 al carrito 668f3ac1dce6f2f89393e1db: logger.warn is not a function[39m
2024-07-25 22:03:28 [31merror[39m: [31mError al agregar producto 665381fa74dba69ed7dedc79 al carrito 668f3ac1dce6f2f89393e1db: Assignment to constant variable.[39m
2024-07-25 22:06:17 [31merror[39m: [31mError al agregar producto 665381fa74dba69ed7dedc79 al carrito 668f3ac1dce6f2f89393e1db: logger.warn is not a function[39m
2024-07-25 22:10:31 [31merror[39m: [31mIntento de agregar al carrito con cantidad inválida: a[39m
2024-07-25 22:10:59 [31merror[39m: [31mIntento de agregar al carrito con cantidad inválida: -1[39m
2024-07-26 18:32:47 [31merror[39m: [31mFaltan completar campos: {"fields":["price"]}[39m
2024-07-26 18:32:52 [31merror[39m: [31mFaltan completar campos: {"fields":["price"]}[39m
2024-07-26 18:33:33 [31merror[39m: [31mFaltan completar campos: {"fields":["name"]}[39m
2024-07-26 18:41:14 [31merror[39m: [31mThis is a error log message[39m
2024-07-26 18:41:24 [35mfatal[39m: [35mThis is a fatal log message[39m
2024-07-28 16:24:03 [31merror[39m: [31mError al agregar producto 665381fa74dba69ed7dedc77 al carrito 668f3ac1dce6f2f89393e1db: cart.save is not a function[39m
2024-07-28 16:24:38 [31merror[39m: [31mError al agregar producto 665381fa74dba69ed7dedc77 al carrito 668f3ac1dce6f2f89393e1db: cart.save is not a function[39m
2024-07-28 16:28:25 [31merror[39m: [31mError al agregar producto 665381fa74dba69ed7dedc77 al carrito 668f3ac1dce6f2f89393e1db: Cart.save is not a function[39m
2024-07-28 16:33:53 [31merror[39m: [31mError al agregar producto 665381fa74dba69ed7dedc77 al carrito 668f3ac1dce6f2f89393e1db: cart.save is not a function[39m
2024-07-28 16:35:16 [31merror[39m: [31mError al agregar producto 665381fa74dba69ed7dedc77 al carrito 668f3ac1dce6f2f89393e1db: cart.save is not a function[39m
2024-07-28 16:38:13 [31merror[39m: [31mError al agregar producto 665381fa74dba69ed7dedc77 al carrito 668f3ac1dce6f2f89393e1db: cart.save is not a function[39m
2024-07-28 16:46:19 [31merror[39m: [31mError al agregar producto 665381fa74dba69ed7dedc77 al carrito 668f3ac1dce6f2f89393e1db: cart.save is not a function[39m
2024-07-28 18:54:34 [31merror[39m: [31mIntento de agregar al carrito con cantidad inválida: a[39m
2024-07-28 18:54:43 [31merror[39m: [31mIntento de agregar al carrito con cantidad inválida: -3[39m
2024-07-30 15:13:05 [31merror[39m: [31mThis is a error log message[39m
2024-07-30 15:13:07 [35mfatal[39m: [35mThis is a fatal log message[39m
2024-08-08 19:47:10 [31merror[39m: [31mCannot read properties of null (reading 'price')[39m
2024-08-08 19:49:58 [31merror[39m: [31mCannot read properties of null (reading 'price')[39m
2024-08-08 20:47:54 [31merror[39m: [31mParse error on line 174:[39m
[31m...ifferent user.email ${product.owner})}}[39m
[31m-----------------------^[39m
[31mExpecting 'CLOSE_RAW_BLOCK', 'CLOSE', 'CLOSE_UNESCAPED', 'OPEN_SEXPR', 'CLOSE_SEXPR', 'ID', 'OPEN_BLOCK_PARAMS', 'STRING', 'NUMBER', 'BOOLEAN', 'UNDEFINED', 'NULL', 'DATA', 'SEP', got 'INVALID'[39m
2024-08-08 21:07:52 [31merror[39m: [31mMissing helper: "eq"[39m
2024-08-08 21:23:40 [31merror[39m: [31mError al agregar producto 66b54a70ef08530b64b4d5cb al carrito 668dc1db85b610c34582405f: Cast to ObjectId failed for value "admin" (type string) at path "_id" for model "User"[39m
2024-08-08 21:29:31 [31merror[39m: [31mError al agregar producto 66b54a70ef08530b64b4d5cb al carrito 668dc1db85b610c34582405f: Cast to ObjectId failed for value "admin" (type string) at path "_id" for model "User"[39m
2024-08-08 21:30:14 [31merror[39m: [31mError al agregar producto 66b54a70ef08530b64b4d5cb al carrito 668dc1db85b610c34582405f: Cast to ObjectId failed for value "admin" (type string) at path "_id" for model "User"[39m
2024-08-08 21:33:40 [31merror[39m: [31mIntento de agregar al carrito un producto propio por touka.reschke@gmail.com[39m
2024-08-08 21:36:00 [31merror[39m: [31mIntento de agregar al carrito un producto propio por touka.reschke@gmail.com[39m
2024-08-08 21:42:05 [31merror[39m: [31mIntento de agregar al carrito un producto propio por touka.reschke@gmail.com[39m
2024-08-09 16:58:39 [31merror[39m: [31mIntento de agregar al carrito un producto propio por touka.reschke@gmail.com[39m
2024-08-09 17:00:58 [31merror[39m: [31mIntento de agregar al carrito un producto propio por nicolas.reschke@hotmail.com[39m
2024-08-12 16:43:08 [31merror[39m: [31mIntento de agregar al carrito un producto propio por nicolas.reschke@hotmail.com[39m
2024-08-12 20:28:11 [31merror[39m: [31mIntento de agregar al carrito un producto propio por nicolas.reschke@hotmail.com[39m
2024-08-12 20:28:16 [31merror[39m: [31mIntento de agregar al carrito un producto propio por nicolas.reschke@hotmail.com[39m
2024-08-13 22:46:39 [31merror[39m: [31mIntento de agregar al carrito un producto propio por nicolas.reschke@hotmail.com[39m
2024-08-21 00:33:28 [31merror[39m: [31mIllegal arguments: string, undefined[39m
2024-08-21 00:33:35 [31merror[39m: [31mIllegal arguments: string, undefined[39m
2024-08-21 00:33:49 [31merror[39m: [31mIllegal arguments: string, undefined[39m
2024-08-21 00:42:04 [31merror[39m: [31mIllegal arguments: string, undefined[39m
2024-08-21 01:03:09 [31merror[39m: [31mIntento de agregar al carrito un producto propio por touka.reschke@gmail.com[39m
2024-08-21 23:30:43 [31merror[39m: [31mError al agregar producto ID_DEL_PRODUCTO al carrito ID_DEL_CARRITO: Cast to ObjectId failed for value "ID_DEL_PRODUCTO" (type string) at path "_id" for model "Product"[39m
2024-08-21 23:35:47 [31merror[39m: [31mError al agregar producto ID_DEL_PRODUCTO al carrito ID_DEL_CARRITO: Cast to ObjectId failed for value "ID_DEL_PRODUCTO" (type string) at path "_id" for model "Product"[39m
2024-08-25 16:47:22 [35mfatal[39m: [35mThis is a fatal log message[39m
2024-08-30 11:49:29 [31merror[39m: [31mError al agregar producto 66b54a70ef08530b64b4d5c9 al carrito 669585c1654ac27bc76abb08: userEmail is not defined[39m
2024-08-30 11:50:27 [31merror[39m: [31mError al agregar producto 66b54a70ef08530b64b4d5c9 al carrito 669585c1654ac27bc76abb08: userEmail is not defined[39m
2024-08-30 11:51:13 [31merror[39m: [31mError al agregar producto 66b54a70ef08530b64b4d5c9 al carrito 669585c1654ac27bc76abb08: userEmail is not defined[39m
2024-08-30 11:52:43 [31merror[39m: [31mError al agregar producto 66b54a70ef08530b64b4d5c9 al carrito 669585c1654ac27bc76abb08: userEmail is not defined[39m
2024-08-30 12:39:17 [31merror[39m: [31mIntento de agregar al carrito un producto propio por touka.reschke@gmail.com[39m
2024-09-02 16:38:29 [31merror[39m: [31mFailed to obtain access token[39m
2024-09-02 16:39:40 [31merror[39m: [31mFailed to obtain access token[39m
2024-09-02 16:44:47 [31merror[39m: [31mFailed to obtain access token[39m
2024-09-02 18:11:15 [31merror[39m: [31mCannot read properties of undefined (reading 'price')[39m
2024-09-02 18:11:22 [31merror[39m: [31mCannot read properties of undefined (reading 'price')[39m
2024-09-02 18:12:28 [31merror[39m: [31mCannot read properties of undefined (reading 'price')[39m
2024-09-02 18:13:03 [31merror[39m: [31mCannot read properties of undefined (reading 'price')[39m
2024-09-02 18:13:12 [31merror[39m: [31mCannot read properties of undefined (reading 'price')[39m
2024-09-02 18:14:34 [31merror[39m: [31mCannot read properties of undefined (reading 'price')[39m
2024-09-02 18:16:22 [31merror[39m: [31mCannot read properties of undefined (reading 'price')[39m
2024-09-02 18:20:38 [31merror[39m: [31mCannot read properties of undefined (reading 'price')[39m
2024-09-02 18:21:40 [31merror[39m: [31mCannot read properties of undefined (reading 'price')[39m
2024-09-02 18:22:38 [31merror[39m: [31mCannot read properties of undefined (reading 'price')[39m
2024-09-02 18:23:09 [31merror[39m: [31mError al agregar producto 66b54a70ef08530b64b4d5c8 al carrito 668f3ac1dce6f2f89393e1db: Cannot read properties of undefined (reading 'toString')[39m
2024-09-02 18:24:48 [31merror[39m: [31mCannot read properties of undefined (reading 'price')[39m
2024-09-02 18:25:53 [31merror[39m: [31mCannot read properties of undefined (reading 'price')[39m
2024-09-02 18:26:00 [31merror[39m: [31mError al agregar producto 66b54a70ef08530b64b4d5c8 al carrito 668f3ac1dce6f2f89393e1db: Cannot read properties of undefined (reading 'toString')[39m
2024-09-02 18:27:51 [31merror[39m: [31mCannot read properties of undefined (reading 'price')[39m
2024-09-02 18:31:37 [31merror[39m: [31mCannot read properties of undefined (reading 'price')[39m
2024-09-02 18:31:54 [31merror[39m: [31mCannot read properties of undefined (reading 'price')[39m
2024-09-03 01:54:45 [31merror[39m: [31mThis is a error log message[39m
2024-09-03 01:54:47 [35mfatal[39m: [35mThis is a fatal log message[39m
2024-09-03 22:56:44 [31merror[39m: [31mUnknown authentication strategy "google"[39m
2024-09-05 18:25:06 [31merror[39m: [31mIntento de agregar al carrito un producto propio por cliente1@cliente[39m
2024-09-08 17:30:18 [31merror[39m: [31mENOENT: no such file or directory, open 'C:\Users\4quiles\OneDrive\Escritorio\2da_pre_entrega-BackEnd\src\public\uploads\documents\1725827418019.pdf'[39m
2024-09-08 17:34:23 [31merror[39m: [31mError: Solo se permiten archivos JPEG, JPG, PNG o PDF![39m
2024-09-08 17:34:40 [31merror[39m: [31mENOENT: no such file or directory, open 'C:\Users\4quiles\OneDrive\Escritorio\2da_pre_entrega-BackEnd\src\public\uploads\profiles\1725827680579.jpg'[39m
2024-09-08 17:44:25 [31merror[39m: [31mENOENT: no such file or directory, open 'C:\Users\4quiles\OneDrive\Escritorio\2da_pre_entrega-BackEnd\src\public\uploads\profiles\1725828265834.png'[39m
2024-09-08 18:21:38 [31merror[39m: [31mFailed to lookup view "updateDocumentsProfile" in views directory "C:\Users\4quiles\OneDrive\Escritorio\2da_pre_entrega-BackEnd\src\views"[39m
2024-09-08 18:58:59 [31merror[39m: [31mUnexpected field[39m
2024-09-08 19:05:36 [31merror[39m: [31mUnexpected field[39m
2024-09-08 19:07:34 [31merror[39m: [31mUnexpected field[39m
2024-09-08 19:11:11 [31merror[39m: [31mUnexpected field[39m
2024-09-08 20:36:21 [31merror[39m: [31mError: Solo se permiten archivos JPEG, JPG, PNG o PDF![39m
2024-09-08 20:56:49 [31merror[39m: [31mError: Solo se permiten archivos JPEG, JPG, PNG o PDF![39m

2024-09-13 22:46:21 [31merror[39m: [31mThis is a error log message[39m
2024-09-19 19:09:17 [31merror[39m: [31mIntento de agregar al carrito un producto propio por nicolas.reschke@hotmail.com[39m
2024-09-19 19:09:25 [31merror[39m: [31mIntento de agregar al carrito un producto propio por nicolas.reschke@hotmail.com[39m
2024-09-21 15:49:03 [31merror[39m: [31mIntento de agregar al carrito un producto propio por nico_1787@hotmail.com[39m
2024-09-21 15:50:05 [31merror[39m: [31mIntento de agregar al carrito un producto propio por nico_1787@hotmail.com[39m
2024-09-21 19:40:50 [31merror[39m: [31mFailed to lookup view "error" in views directory "C:\Users\4quiles\OneDrive\Escritorio\2da_pre_entrega-BackEnd\src\views"[39m
